// Vitest Snapshot v1, https://vitest.dev/guide/snapshot.html

exports[`ModeAViewContainer > передаёт архив в таблицу 1`] = `
<div>
  <div>
    <div
      class="mode-switcher _layoutSwitcher_ccde48"
    >
      <div
        aria-label="Вид таблицы по годам"
        aria-orientation="horizontal"
        class="ant-segmented ant-segmented-block css-dev-only-do-not-override-mncuj7"
        role="radiogroup"
        tabindex="0"
      >
        <div
          class="ant-segmented-group"
        >
          <label
            class="ant-segmented-item ant-segmented-item-selected"
          >
            <input
              checked=""
              class="ant-segmented-item-input"
              name="test-id"
              type="radio"
            />
            <div
              class="ant-segmented-item-label"
              title="Годы в строках"
            >
              Годы в строках
            </div>
          </label>
          <label
            class="ant-segmented-item"
          >
            <input
              class="ant-segmented-item-input"
              name="test-id"
              type="radio"
            />
            <div
              class="ant-segmented-item-label"
              title="Годы в заголовке"
            >
              Годы в заголовке
            </div>
          </label>
        </div>
      </div>
    </div>
    <div>
      <span
        class="ant-typography ant-typography-secondary table-scroll-hint css-dev-only-do-not-override-mncuj7"
      >
        Прокрутите таблицу влево или вправо, чтобы увидеть все колонки.
      </span>
      <div
        class="table-wrapper _tableWrapper_2a8263"
      >
        <div
          class="ant-table-wrapper _table_2a8263 css-dev-only-do-not-override-mncuj7"
        >
          <div
            class="ant-spin-nested-loading css-dev-only-do-not-override-mncuj7"
          >
            <div
              class="ant-spin-container"
            >
              <div
                class="ant-table ant-table-small css-dev-only-do-not-override-mncuj7 ant-table-fixed-column ant-table-scroll-horizontal ant-table-has-fix-left"
              >
                <div
                  class="ant-table-container"
                >
                  <div
                    class="ant-table-content"
                    style="overflow-x: auto; overflow-y: hidden;"
                  >
                    <table
                      style="width: max-content; min-width: 100%; table-layout: auto;"
                    >
                      <colgroup>
                        <col
                          style="width: 80px;"
                        />
                        <col
                          style="width: 120px;"
                        />
                        <col
                          style="width: 140px;"
                        />
                        <col
                          style="width: 110px;"
                        />
                        <col
                          style="width: 100px;"
                        />
                      </colgroup>
                      <thead
                        class="ant-table-thead"
                      >
                        <tr>
                          <th
                            class="ant-table-cell ant-table-cell-fix-left ant-table-cell-fix-left-last"
                            scope="col"
                            style="position: sticky; left: 0px; text-align: center;"
                          >
                            Год
                          </th>
                          <th
                            class="ant-table-cell"
                            scope="col"
                            style="text-align: center;"
                          >
                            t° мин / макс
                          </th>
                          <th
                            class="ant-table-cell"
                            scope="col"
                            style="text-align: center;"
                          >
                            Осадки
                          </th>
                          <th
                            class="ant-table-cell"
                            scope="col"
                            style="text-align: center;"
                          >
                            Ветер
                          </th>
                          <th
                            class="ant-table-cell"
                            scope="col"
                            style="text-align: center;"
                          >
                            Облачность
                          </th>
                        </tr>
                      </thead>
                      <tbody
                        class="ant-table-tbody"
                      >
                        <tr
                          aria-hidden="true"
                          class="ant-table-measure-row"
                          tabindex="-1"
                        >
                          <th
                            class="ant-table-measure-cell"
                          >
                            <div
                              class="ant-table-measure-cell-content"
                            >
                              Год
                            </div>
                          </th>
                          <th
                            class="ant-table-measure-cell"
                          >
                            <div
                              class="ant-table-measure-cell-content"
                            >
                              t° мин / макс
                            </div>
                          </th>
                          <th
                            class="ant-table-measure-cell"
                          >
                            <div
                              class="ant-table-measure-cell-content"
                            >
                              Осадки
                            </div>
                          </th>
                          <th
                            class="ant-table-measure-cell"
                          >
                            <div
                              class="ant-table-measure-cell-content"
                            >
                              Ветер
                            </div>
                          </th>
                          <th
                            class="ant-table-measure-cell"
                          >
                            <div
                              class="ant-table-measure-cell-content"
                            >
                              Облачность
                            </div>
                          </th>
                        </tr>
                        <tr
                          class="ant-table-row ant-table-row-level-0 _anchorRow_2a8263"
                          data-row-key="2020"
                        >
                          <td
                            class="ant-table-cell ant-table-cell-fix-left ant-table-cell-fix-left-last"
                            style="position: sticky; left: 0px; text-align: center;"
                          >
                            2020
                          </td>
                          <td
                            class="ant-table-cell"
                            style="text-align: center;"
                          >
                            <div
                              class="_temperature_7e00af"
                            >
                              <span
                                class="ant-typography _tempMin_7e00af css-dev-only-do-not-override-mncuj7"
                              >
                                -1°
                              </span>
                              <span
                                class="ant-typography _tempSeparator_7e00af css-dev-only-do-not-override-mncuj7"
                              >
                                /
                              </span>
                              <span
                                class="ant-typography _tempMax_7e00af css-dev-only-do-not-override-mncuj7"
                              >
                                +17°
                              </span>
                            </div>
                          </td>
                          <td
                            class="ant-table-cell"
                            style="text-align: center;"
                          >
                            <span
                              class="ant-typography css-dev-only-do-not-override-mncuj7"
                            >
                              1.2 мм
                            </span>
                          </td>
                          <td
                            class="ant-table-cell"
                            style="text-align: center;"
                          >
                            <div
                              class="_wind_69fcf6"
                            >
                              <span
                                aria-hidden="true"
                                class="_windArrow_69fcf6"
                                style="transform: rotate(180deg);"
                              >
                                ↑
                              </span>
                              <span
                                class="ant-typography css-dev-only-do-not-override-mncuj7"
                              >
                                16 км/ч
                              </span>
                            </div>
                          </td>
                          <td
                            class="ant-table-cell"
                            style="text-align: center;"
                          >
                            <div
                              class="_weatherIcon_67de4e"
                              title="Дождь слабый"
                            >
                              <span
                                aria-label="cloud"
                                class="anticon anticon-cloud _iconRain_67de4e"
                                role="img"
                              >
                                <svg
                                  aria-hidden="true"
                                  data-icon="cloud"
                                  fill="currentColor"
                                  focusable="false"
                                  height="1em"
                                  viewBox="64 64 896 896"
                                  width="1em"
                                >
                                  <path
                                    d="M811.4 418.7C765.6 297.9 648.9 212 512.2 212S258.8 297.8 213 418.6C127.3 441.1 64 519.1 64 612c0 110.5 89.5 200 199.9 200h496.2C870.5 812 960 722.5 960 612c0-92.7-63.1-170.7-148.6-193.3zm36.3 281a123.07 123.07 0 01-87.6 36.3H263.9c-33.1 0-64.2-12.9-87.6-36.3A123.3 123.3 0 01140 612c0-28 9.1-54.3 26.2-76.3a125.7 125.7 0 0166.1-43.7l37.9-9.9 13.9-36.6c8.6-22.8 20.6-44.1 35.7-63.4a245.6 245.6 0 0152.4-49.9c41.1-28.9 89.5-44.2 140-44.2s98.9 15.3 140 44.2c19.9 14 37.5 30.8 52.4 49.9 15.1 19.3 27.1 40.7 35.7 63.4l13.8 36.5 37.8 10c54.3 14.5 92.1 63.8 92.1 120 0 33.1-12.9 64.3-36.3 87.7z"
                                  />
                                </svg>
                              </span>
                              <span
                                class="ant-typography ant-typography-secondary _cloudCover_67de4e css-dev-only-do-not-override-mncuj7"
                              >
                                40
                                %
                              </span>
                            </div>
                          </td>
                        </tr>
                      </tbody>
                    </table>
                  </div>
                </div>
              </div>
            </div>
          </div>
        </div>
      </div>
    </div>
  </div>
</div>
`;
