// Vitest Snapshot v1, https://vitest.dev/guide/snapshot.html

exports[`ModeAViewContainer > передаёт архив в таблицу 1`] = `
<div>
  <div>
    <div
      class="mode-switcher _layoutSwitcher_ccde48"
    >
      <div
        aria-label="Вид таблицы по годам"
        aria-orientation="horizontal"
        class="ant-segmented ant-segmented-block css-dev-only-do-not-override-mncuj7"
        role="radiogroup"
        tabindex="0"
      >
        <div
          class="ant-segmented-group"
        >
          <label
            class="ant-segmented-item ant-segmented-item-selected"
          >
            <input
              checked=""
              class="ant-segmented-item-input"
              name="test-id"
              type="radio"
            />
            <div
              class="ant-segmented-item-label"
              title="Годы в строках"
            >
              Годы в строках
            </div>
          </label>
          <label
            class="ant-segmented-item"
          >
            <input
              class="ant-segmented-item-input"
              name="test-id"
              type="radio"
            />
            <div
              class="ant-segmented-item-label"
              title="Годы в заголовке"
            >
              Годы в заголовке
            </div>
          </label>
        </div>
      </div>
    </div>
    <div>
      <span
        class="ant-typography ant-typography-secondary table-scroll-hint css-dev-only-do-not-override-mncuj7"
      >
        Прокрутите таблицу влево или вправо, чтобы увидеть все колонки.
      </span>
      <div
        class="table-wrapper _tableWrapper_2a8263"
      >
        <div
          class="ant-table-wrapper _table_2a8263 css-dev-only-do-not-override-mncuj7"
        >
          <div
            class="ant-spin-nested-loading css-dev-only-do-not-override-mncuj7"
          >
            <div
              class="ant-spin-container"
            >
              <div
                class="ant-table ant-table-small css-dev-only-do-not-override-mncuj7 ant-table-fixed-column ant-table-scroll-horizontal ant-table-has-fix-left"
              >
                <div
                  class="ant-table-container"
                >
                  <div
                    class="ant-table-content"
                    style="overflow-x: auto; overflow-y: hidden;"
                  >
                    <table
                      style="width: max-content; min-width: 100%; table-layout: auto;"
                    >
                      <colgroup>
                        <col
                          style="width: 80px;"
                        />
                        <col
                          style="width: 120px;"
                        />
                        <col
                          style="width: 140px;"
                        />
                        <col
                          style="width: 110px;"
                        />
                        <col
                          style="width: 100px;"
                        />
                      </colgroup>
                      <thead
                        class="ant-table-thead"
                      >
                        <tr>
                          <th
                            class="ant-table-cell ant-table-cell-fix-left ant-table-cell-fix-left-last"
                            scope="col"
                            style="position: sticky; left: 0px; text-align: center;"
                          >
                            Год
                          </th>
                          <th
                            class="ant-table-cell"
                            scope="col"
                            style="text-align: center;"
                          >
                            t° мин / макс
                          </th>
                          <th
                            class="ant-table-cell"
                            scope="col"
                            style="text-align: center;"
                          >
                            Осадки
                          </th>
                          <th
                            class="ant-table-cell"
                            scope="col"
                            style="text-align: center;"
                          >
                            Ветер
                          </th>
                          <th
                            class="ant-table-cell"
                            scope="col"
                            style="text-align: center;"
                          >
                            Облачность
                          </th>
                        </tr>
                      </thead>
                      <tbody
                        class="ant-table-tbody"
                      >
                        <tr
                          aria-hidden="true"
                          class="ant-table-measure-row"
                          tabindex="-1"
                        >
                          <th
                            class="ant-table-measure-cell"
                          >
                            <div
                              class="ant-table-measure-cell-content"
                            >
                              Год
                            </div>
                          </th>
                          <th
                            class="ant-table-measure-cell"
                          >
                            <div
                              class="ant-table-measure-cell-content"
                            >
                              t° мин / макс
                            </div>
                          </th>
                          <th
                            class="ant-table-measure-cell"
                          >
                            <div
                              class="ant-table-measure-cell-content"
                            >
                              Осадки
                            </div>
                          </th>
                          <th
                            class="ant-table-measure-cell"
                          >
                            <div
                              class="ant-table-measure-cell-content"
                            >
                              Ветер
                            </div>
                          </th>
                          <th
                            class="ant-table-measure-cell"
                          >
                            <div
                              class="ant-table-measure-cell-content"
                            >
                              Облачность
                            </div>
                          </th>
                        </tr>
                        <tr
                          class="ant-table-row ant-table-row-level-0 _anchorRow_2a8263"
                          data-row-key="2020"
                        >
                          <td
                            class="ant-table-cell ant-table-cell-fix-left ant-table-cell-fix-left-last"
                            style="position: sticky; left: 0px; text-align: center;"
                          >
                            2020
                          </td>
                          <td
                            class="ant-table-cell"
                            style="text-align: center;"
                          >
                            <div
                              class="_temperature_7e00af"
                            >
                              <span
                                class="ant-typography _tempMin_7e00af css-dev-only-do-not-override-mncuj7"
                              >
                                -1°
                              </span>
                              <span
                                class="ant-typography _tempSeparator_7e00af css-dev-only-do-not-override-mncuj7"
                              >
                                /
                              </span>
                              <span
                                class="ant-typography _tempMax_7e00af css-dev-only-do-not-override-mncuj7"
                              >
                                +17°
                              </span>
                            </div>
                          </td>
                          <td
                            class="ant-table-cell"
                            style="text-align: center;"
                          >
                            <span
                              class="ant-typography css-dev-only-do-not-override-mncuj7"
                            >
                              1.2 мм
                            </span>
                          </td>
                          <td
                            class="ant-table-cell"
                            style="text-align: center;"
                          >
                            <div
                              class="_wind_69fcf6"
                            >
                              <span
                                aria-hidden="true"
                                class="_windArrow_69fcf6"
                                style="transform: rotate(180deg);"
                              >
                                ↑
                              </span>
                              <span
                                class="ant-typography css-dev-only-do-not-override-mncuj7"
                              >
                                16 км/ч
                              </span>
                            </div>
                          </td>
                          <td
                            class="ant-table-cell"
                            style="text-align: center;"
                          >
                            <div
                              class="_weatherIcon_67de4e"
                              title="Дождь слабый"
                            >
                              <svg
                                aria-hidden="true"
                                class="_picture_67de4e"
                                data-intensity="moderate"
                                data-precipitation="rain"
                                data-sky="partly"
                                viewBox="0 0 32 32"
                              >
                                <g
                                  transform="translate(0 -4)"
                                >
                                  <g
                                    stroke="#faad14"
                                    stroke-linecap="round"
                                    stroke-width="1.4"
                                  >
                                    <circle
                                      cx="12"
                                      cy="11"
                                      fill="#faad14"
                                      r="3.4"
                                      stroke="none"
                                    />
                                    <line
                                      transform="rotate(0 12 11)"
                                      x1="12"
                                      x2="12"
                                      y1="6.6"
                                      y2="4.3999999999999995"
                                    />
                                    <line
                                      transform="rotate(45 12 11)"
                                      x1="12"
                                      x2="12"
                                      y1="6.6"
                                      y2="4.3999999999999995"
                                    />
                                    <line
                                      transform="rotate(90 12 11)"
                                      x1="12"
                                      x2="12"
                                      y1="6.6"
                                      y2="4.3999999999999995"
                                    />
                                    <line
                                      transform="rotate(135 12 11)"
                                      x1="12"
                                      x2="12"
                                      y1="6.6"
                                      y2="4.3999999999999995"
                                    />
                                    <line
                                      transform="rotate(180 12 11)"
                                      x1="12"
                                      x2="12"
                                      y1="6.6"
                                      y2="4.3999999999999995"
                                    />
                                    <line
                                      transform="rotate(225 12 11)"
                                      x1="12"
                                      x2="12"
                                      y1="6.6"
                                      y2="4.3999999999999995"
                                    />
                                    <line
                                      transform="rotate(270 12 11)"
                                      x1="12"
                                      x2="12"
                                      y1="6.6"
                                      y2="4.3999999999999995"
                                    />
                                    <line
                                      transform="rotate(315 12 11)"
                                      x1="12"
                                      x2="12"
                                      y1="6.6"
                                      y2="4.3999999999999995"
                                    />
                                  </g>
                                  <path
                                    d="M9 18.2c0-2.4 1.8-4.2 4.2-4.2.5-2.2 2.5-3.8 4.8-3.8 2 0 3.7 1.1 4.5 2.7 2 .2 3.5 1.8 3.5 3.9 0 2.2-1.8 4-4 4H12.2c-2.1 0-3.2-1.4-3.2-2.6z"
                                    fill="#f5f5f5"
                                    stroke="#8c8c8c"
                                    stroke-width="1.2"
                                  />
                                </g>
                                <g
                                  transform="translate(11 22) scale(1)"
                                >
                                  <g>
                                    <path
                                      d="M0 0c1.5 2 2.4 3.1 2.4 4.5C2.4 6.2 1.3 7.2 0 7.2S-2.4 6.2-2.4 4.5C-2.4 3.1-1.5 2 0 0z"
                                      fill="#1677ff"
                                    />
                                  </g>
                                </g>
                                <g
                                  transform="translate(21 22) scale(1)"
                                >
                                  <g>
                                    <path
                                      d="M0 0c1.5 2 2.4 3.1 2.4 4.5C2.4 6.2 1.3 7.2 0 7.2S-2.4 6.2-2.4 4.5C-2.4 3.1-1.5 2 0 0z"
                                      fill="#1677ff"
                                    />
                                  </g>
                                </g>
                              </svg>
                              <span
                                class="ant-typography ant-typography-secondary _cloudCover_67de4e css-dev-only-do-not-override-mncuj7"
                              >
                                40
                                %
                              </span>
                            </div>
                          </td>
                        </tr>
                      </tbody>
                    </table>
                  </div>
                </div>
              </div>
            </div>
          </div>
        </div>
      </div>
    </div>
  </div>
</div>
`;
